// Jest Snapshot v1, https://goo.gl/fbAQLP

exports[`App It renders 1`] = `
<div
  className="base"
>
  <div
    className="base"
  />
  <div
    className="toolbar"
  >
    <button
      disabled={false}
      onClick={[Function]}
    >
      +
    </button>
    <button
      disabled={false}
      onClick={[Function]}
    >
      -
    </button>
  </div>
  <div />
</div>
`;
